// Jest Snapshot v1, https://goo.gl/fbAQLP

exports[`testing the home components should test the ui upon render 1`] = `
<DocumentFragment>
  <div
    class="sc-dIvqjp hLcnmX"
  >
    <div
      class="sc-hHEjAm jaqisr"
    >
      <h2>
        Tristan Elliott
      </h2>
    </div>
    <div
      class="sc-dlMBXb exGJyY"
    >
      <a
        data-testid="link"
        href="https://www.youtube.com/channel/UCc9o1zG46k4voqOT7C6Ankw"
        rel="noreferrer noopener"
        target="_blank"
      >
        <span
          class="sc-kfYqjs jumAtR"
        >
          <svg
            aria-hidden="true"
            class="MuiSvgIcon-root"
            focusable="false"
            style="font-size: 30px; padding: 10px; cursor: pointer;"
            viewBox="0 0 24 24"
          >
            <path
              d="M10 15l5.19-3L10 9v6m11.56-7.83c.13.47.22 1.1.28 1.9.07.8.1 1.49.1 2.09L22 12c0 2.19-.16 3.8-.44 4.83-.25.9-.83 1.48-1.73 1.73-.47.13-1.33.22-2.65.28-1.3.07-2.49.1-3.59.1L12 19c-4.19 0-6.8-.16-7.83-.44-.9-.25-1.48-.83-1.73-1.73-.13-.47-.22-1.1-.28-1.9-.07-.8-.1-1.49-.1-2.09L2 12c0-2.19.16-3.8.44-4.83.25-.9.83-1.48 1.73-1.73.47-.13 1.33-.22 2.65-.28 1.3-.07 2.49-.1 3.59-.1L12 5c4.19 0 6.8.16 7.83.44.9.25 1.48.83 1.73 1.73z"
            />
          </svg>
        </span>
      </a>
      <a
        data-testid="link"
        href="https://twitter.com/Tristanthewebd1"
        rel="noreferrer noopener"
        target="_blank"
      >
        <span
          class="sc-kfYqjs jumAtR"
        >
          <svg
            aria-hidden="true"
            class="MuiSvgIcon-root"
            focusable="false"
            style="font-size: 30px; padding: 10px; cursor: pointer;"
            viewBox="0 0 24 24"
          >
            <path
              d="M22.46 6c-.77.35-1.6.58-2.46.69.88-.53 1.56-1.37 1.88-2.38-.83.5-1.75.85-2.72 1.05C18.37 4.5 17.26 4 16 4c-2.35 0-4.27 1.92-4.27 4.29 0 .34.04.67.11.98C8.28 9.09 5.11 7.38 3 4.79c-.37.63-.58 1.37-.58 2.15 0 1.49.75 2.81 1.91 3.56-.71 0-1.37-.2-1.95-.5v.03c0 2.08 1.48 3.82 3.44 4.21a4.22 4.22 0 0 1-1.93.07 4.28 4.28 0 0 0 4 2.98 8.521 8.521 0 0 1-5.33 1.84c-.34 0-.68-.02-1.02-.06C3.44 20.29 5.7 21 8.12 21 16 21 20.33 14.46 20.33 8.79c0-.19 0-.37-.01-.56.84-.6 1.56-1.36 2.14-2.23z"
            />
          </svg>
        </span>
      </a>
      <a
        data-testid="link"
        href="https://github.com/thePlebDev"
        rel="noreferrer noopener"
        target="_blank"
      >
        <span
          class="sc-kfYqjs jumAtR"
        >
          <svg
            aria-hidden="true"
            class="MuiSvgIcon-root"
            focusable="false"
            style="font-size: 30px; padding: 10px; cursor: pointer;"
            viewBox="0 0 24 24"
          >
            <path
              d="M12 .3a12 12 0 0 0-3.8 23.4c.6.1.8-.3.8-.6v-2c-3.3.7-4-1.6-4-1.6-.6-1.4-1.4-1.8-1.4-1.8-1-.7.1-.7.1-.7 1.2 0 1.9 1.2 1.9 1.2 1 1.8 2.8 1.3 3.5 1 0-.8.4-1.3.7-1.6-2.7-.3-5.5-1.3-5.5-6 0-1.2.5-2.3 1.3-3.1-.2-.4-.6-1.6 0-3.2 0 0 1-.3 3.4 1.2a11.5 11.5 0 0 1 6 0c2.3-1.5 3.3-1.2 3.3-1.2.6 1.6.2 2.8 0 3.2.9.8 1.3 1.9 1.3 3.2 0 4.6-2.8 5.6-5.5 5.9.5.4.9 1 .9 2.2v3.3c0 .3.1.7.8.6A12 12 0 0 0 12 .3"
            />
          </svg>
        </span>
      </a>
      <div>
        <span
          class="sc-kfYqjs jumAtR"
        >
          <svg
            aria-hidden="true"
            class="MuiSvgIcon-root"
            data-testid="search"
            focusable="false"
            style="font-size: 30px; padding: 10px; cursor: pointer;"
            viewBox="0 0 24 24"
          >
            <path
              d="M15.5 14h-.79l-.28-.27C15.41 12.59 16 11.11 16 9.5 16 5.91 13.09 3 9.5 3S3 5.91 3 9.5 5.91 16 9.5 16c1.61 0 3.09-.59 4.23-1.57l.27.28v.79l5 4.99L20.49 19l-4.99-5zm-6 0C7.01 14 5 11.99 5 9.5S7.01 5 9.5 5 14 7.01 14 9.5 11.99 14 9.5 14z"
            />
          </svg>
        </span>
      </div>
      <label
        class="sc-fKgIGh iyneAj"
        for="theme"
      >
        <input
          class="sc-bCwgka eNKQZi"
          data-testid="theme-slider"
          id="theme"
          type="checkbox"
        />
        <span
          class="sc-iwaifL jkAlAa"
        />
      </label>
    </div>
  </div>
</DocumentFragment>
`;
