// Jest Snapshot v1, https://goo.gl/fbAQLP

exports[`Testing the BlogHome component should test the snapshot 1`] = `[Function]`;
