// Jest Snapshot v1, https://goo.gl/fbAQLP

exports[`testing the Filter Component should test the snapshot 1`] = `
<div
  className="sc-bdnylx eMLUIs"
  data-testid="container"
>
  <div
    className="sc-gtssRu bENsCd"
    data-testid="text"
    onClick={[Function]}
  />
</div>
`;
