// Jest Snapshot v1, https://goo.gl/fbAQLP

exports[`testing SearchInput component just testing stuff 1`] = `
<label
  className="sc-bdnylx gJMbZK"
>
  <input
    className="sc-gtssRu ubynD"
    data-testid="input"
    name="search"
    onChange={[Function]}
    placeholder="Search blog posts..."
    type="text"
    value="Enter a state prop"
  />
  <svg
    aria-hidden={true}
    className="MuiSvgIcon-root"
    data-testid="close"
    focusable="false"
    onClick={[Function]}
    style={
      Object {
        "cursor": "pointer",
        "position": "absolute",
        "right": "5%",
        "top": "25%",
        "z-index": 999,
      }
    }
    viewBox="0 0 24 24"
  >
    <path
      d="M14.59 8L12 10.59 9.41 8 8 9.41 10.59 12 8 14.59 9.41 16 12 13.41 14.59 16 16 14.59 13.41 12 16 9.41 14.59 8zM12 2C6.47 2 2 6.47 2 12s4.47 10 10 10 10-4.47 10-10S17.53 2 12 2zm0 18c-4.41 0-8-3.59-8-8s3.59-8 8-8 8 3.59 8 8-3.59 8-8 8z"
    />
  </svg>
</label>
`;
